[ 2920623ms] [ERROR] Failed to load resource: net::ERR_CONNECTION_REFUSED @ http://localhost:8531/_stcore/health:0
[ 2920623ms] [ERROR] Client Error in reaching server endpoint - No response received when attempting to reach /_stcore/health @ http://localhost:8531/static/js/index.D2ZqaFuW.js:16
[ 2920623ms] [ERROR] Is Streamlit still running? If you accidentally stopped Streamlit, just restart it in your terminal: @ http://localhost:8531/static/js/index.D2ZqaFuW.js:21
[ 2920632ms] [ERROR] Failed to load resource: net::ERR_CONNECTION_REFUSED @ http://localhost:8531/_stcore/host-config:0
[ 2922631ms] [ERROR] Failed to load resource: net::ERR_CONNECTION_REFUSED @ http://localhost:8531/_stcore/health:0
[ 2922631ms] [ERROR] Client Error in reaching server endpoint - No response received when attempting to reach /_stcore/health @ http://localhost:8531/static/js/index.D2ZqaFuW.js:16
[ 2922632ms] [ERROR] Is Streamlit still running? If you accidentally stopped Streamlit, just restart it in your terminal: @ http://localhost:8531/static/js/index.D2ZqaFuW.js:21
[ 2922641ms] [ERROR] Failed to load resource: net::ERR_CONNECTION_REFUSED @ http://localhost:8531/_stcore/host-config:0
[ 2924640ms] [ERROR] Failed to load resource: net::ERR_CONNECTION_REFUSED @ http://localhost:8531/_stcore/health:0
[ 2924640ms] [ERROR] Client Error in reaching server endpoint - No response received when attempting to reach /_stcore/health @ http://localhost:8531/static/js/index.D2ZqaFuW.js:16
[ 2924640ms] [ERROR] Is Streamlit still running? If you accidentally stopped Streamlit, just restart it in your terminal: @ http://localhost:8531/static/js/index.D2ZqaFuW.js:21
[ 2924650ms] [ERROR] Failed to load resource: net::ERR_CONNECTION_REFUSED @ http://localhost:8531/_stcore/host-config:0
[ 2926645ms] [ERROR] Failed to load resource: net::ERR_CONNECTION_REFUSED @ http://localhost:8531/_stcore/health:0
[ 2926646ms] [ERROR] Client Error in reaching server endpoint - No response received when attempting to reach /_stcore/health @ http://localhost:8531/static/js/index.D2ZqaFuW.js:16
[ 2926646ms] [ERROR] Is Streamlit still running? If you accidentally stopped Streamlit, just restart it in your terminal: @ http://localhost:8531/static/js/index.D2ZqaFuW.js:21
[ 2926656ms] [ERROR] Failed to load resource: net::ERR_CONNECTION_REFUSED @ http://localhost:8531/_stcore/host-config:0
[ 2928655ms] [ERROR] Failed to load resource: net::ERR_CONNECTION_REFUSED @ http://localhost:8531/_stcore/host-config:0
[ 2928656ms] [ERROR] Client Error in reaching server endpoint - No response received when attempting to reach /_stcore/host-config @ http://localhost:8531/static/js/index.D2ZqaFuW.js:16
[ 2928656ms] [ERROR] Is Streamlit still running? If you accidentally stopped Streamlit, just restart it in your terminal: @ http://localhost:8531/static/js/index.D2ZqaFuW.js:21
[ 2928664ms] [ERROR] Failed to load resource: net::ERR_CONNECTION_REFUSED @ http://localhost:8531/_stcore/health:0
[ 2930662ms] [ERROR] Failed to load resource: net::ERR_CONNECTION_REFUSED @ http://localhost:8531/_stcore/health:0
[ 2930662ms] [ERROR] Client Error in reaching server endpoint - No response received when attempting to reach /_stcore/health @ http://localhost:8531/static/js/index.D2ZqaFuW.js:16
[ 2930662ms] [ERROR] Is Streamlit still running? If you accidentally stopped Streamlit, just restart it in your terminal: @ http://localhost:8531/static/js/index.D2ZqaFuW.js:21
[ 2930672ms] [ERROR] Failed to load resource: net::ERR_CONNECTION_REFUSED @ http://localhost:8531/_stcore/host-config:0
