[   28933ms] [WARNING] Unrecognized feature: 'ambient-light-sensor'. @ http://localhost:8511/static/js/isLength.DwwZub7z.js:0
[   28935ms] [WARNING] Unrecognized feature: 'battery'. @ http://localhost:8511/static/js/isLength.DwwZub7z.js:0
[   28949ms] [WARNING] Unrecognized feature: 'document-domain'. @ http://localhost:8511/static/js/isLength.DwwZub7z.js:0
[   28949ms] [WARNING] Unrecognized feature: 'layout-animations'. @ http://localhost:8511/static/js/isLength.DwwZub7z.js:0
[   28949ms] [WARNING] Unrecognized feature: 'legacy-image-formats'. @ http://localhost:8511/static/js/isLength.DwwZub7z.js:0
[   28949ms] [WARNING] Unrecognized feature: 'oversized-images'. @ http://localhost:8511/static/js/isLength.DwwZub7z.js:0
[   28950ms] [WARNING] Unrecognized feature: 'vr'. @ http://localhost:8511/static/js/isLength.DwwZub7z.js:0
[   28951ms] [WARNING] Unrecognized feature: 'wake-lock'. @ http://localhost:8511/static/js/isLength.DwwZub7z.js:0
[   29810ms] [WARNING] An iframe which has both allow-scripts and allow-same-origin for its sandbox attribute can escape its sandboxing. @ about:srcdoc:0
[  116608ms] [WARNING] WebSocket onclose @ http://localhost:8511/static/js/index.D2ZqaFuW.js:17
[  116941ms] [ERROR] Failed to load resource: net::ERR_CONNECTION_REFUSED @ http://localhost:8511/_stcore/health:0
[  116954ms] [ERROR] Failed to load resource: net::ERR_CONNECTION_REFUSED @ http://localhost:8511/_stcore/host-config:0
[  117060ms] [ERROR] Failed to load resource: net::ERR_CONNECTION_REFUSED @ http://localhost:8511/_stcore/health:0
[  117061ms] [ERROR] Failed to load resource: net::ERR_CONNECTION_REFUSED @ http://localhost:8511/_stcore/host-config:0
[  117263ms] [ERROR] Failed to load resource: net::ERR_CONNECTION_REFUSED @ http://localhost:8511/_stcore/health:0
[  117264ms] [ERROR] Failed to load resource: net::ERR_CONNECTION_REFUSED @ http://localhost:8511/_stcore/host-config:0
[  117743ms] [ERROR] Failed to load resource: net::ERR_CONNECTION_REFUSED @ http://localhost:8511/_stcore/host-config:0
[  117743ms] [ERROR] Failed to load resource: net::ERR_CONNECTION_REFUSED @ http://localhost:8511/_stcore/health:0
[  118702ms] [ERROR] Failed to load resource: net::ERR_CONNECTION_REFUSED @ http://localhost:8511/_stcore/health:0
[  118703ms] [ERROR] Failed to load resource: net::ERR_CONNECTION_REFUSED @ http://localhost:8511/_stcore/host-config:0
